// Jest Snapshot v1, https://goo.gl/fbAQLP

exports[`RegularFont component renders correctly 1`] = `
<View
  style={
    Array [
      undefined,
      undefined,
    ]
  }
>
  <Text
    accessible={true}
    allowFontScaling={true}
    ellipsizeMode="tail"
    style={
      Array [
        Object {
          "color": "#595959",
          "fontFamily": "Muli",
        },
        undefined,
        undefined,
      ]
    }
  />
</View>
`;

exports[`RegularFont component renders correctly 2`] = `
<View
  style={
    Array [
      undefined,
      undefined,
    ]
  }
>
  <Text
    accessible={true}
    allowFontScaling={true}
    ellipsizeMode="tail"
    style={
      Array [
        Object {
          "color": "#595959",
          "fontFamily": "Muli",
        },
        undefined,
        undefined,
      ]
    }
  />
</View>
`;
